#-----------------------------------------------------------
# Vivado v2023.2 (64-bit)
# SW Build 4029153 on Fri Oct 13 20:14:34 MDT 2023
# IP Build 4028589 on Sat Oct 14 00:45:43 MDT 2023
# SharedData Build 4025554 on Tue Oct 10 17:18:54 MDT 2023
# Start of session at: Thu Mar 21 19:17:45 2024
# Process ID: 18464
# Current directory: c:/Users/tommy/RfSoc/usp_rf_data_converter_0_ex/usp_rf_data_converter_0_ex.runs/rfdc_ex_adc_sink_i_0_synth_1
# Command line: vivado.exe -log rfdc_ex_adc_sink_i_0.vds -product Vivado -mode batch -messageDb vivado.pb -notrace -source rfdc_ex_adc_sink_i_0.tcl
# Log file: c:/Users/tommy/RfSoc/usp_rf_data_converter_0_ex/usp_rf_data_converter_0_ex.runs/rfdc_ex_adc_sink_i_0_synth_1/rfdc_ex_adc_sink_i_0.vds
# Journal file: c:/Users/tommy/RfSoc/usp_rf_data_converter_0_ex/usp_rf_data_converter_0_ex.runs/rfdc_ex_adc_sink_i_0_synth_1\vivado.jou
# Running On: LAPTOP-L57NIJPM, OS: Windows, CPU Frequency: 2994 MHz, CPU Physical cores: 16, Host memory: 16556 MB
#-----------------------------------------------------------
source rfdc_ex_adc_sink_i_0.tcl -notrace
