#-----------------------------------------------------------
# Vivado v2023.2 (64-bit)
# SW Build 4029153 on Fri Oct 13 20:14:34 MDT 2023
# IP Build 4028589 on Sat Oct 14 00:45:43 MDT 2023
# SharedData Build 4025554 on Tue Oct 10 17:18:54 MDT 2023
# Start of session at: Thu Mar 21 19:26:27 2024
# Process ID: 36420
# Current directory: c:/Users/tommy/RfSoc/usp_rf_data_converter_0_ex/usp_rf_data_converter_0_ex.runs/impl_1
# Command line: vivado.exe -log usp_rf_data_converter_0_example_design.vdi -applog -product Vivado -messageDb vivado.pb -mode batch -source usp_rf_data_converter_0_example_design.tcl -notrace
# Log file: c:/Users/tommy/RfSoc/usp_rf_data_converter_0_ex/usp_rf_data_converter_0_ex.runs/impl_1/usp_rf_data_converter_0_example_design.vdi
# Journal file: c:/Users/tommy/RfSoc/usp_rf_data_converter_0_ex/usp_rf_data_converter_0_ex.runs/impl_1\vivado.jou
# Running On: LAPTOP-L57NIJPM, OS: Windows, CPU Frequency: 2994 MHz, CPU Physical cores: 16, Host memory: 16556 MB
#-----------------------------------------------------------
source usp_rf_data_converter_0_example_design.tcl -notrace
